stages:
- name: build
  spec:
    cache:
      enabled: true
      paths:
      - vendor/bundle
    steps:
    - name: run
      spec:
        run: bundle install --path vendor/bundle
      type: run
    - name: run0
      spec:
        run: ruby -e 'print "Hello, World\n"'
      type: run
  type: ci
version: 1