stages:
- name: build
  spec:
    steps:
    - name: Build app
      spec:
        run: sh ./build-app.sh
      type: run
    - name: Run unit tests
      spec:
        run: sh ./run-tests.sh
      type: run
  type: ci
version: 1