default:
  clone:
    disabled: true
stages:
- name: build
  spec:
    steps:
    - name: run
      spec:
        run: echo "No code cloned!"
      type: run
  type: ci
version: 1