default:
  clone: {}
stages:
- name: build
  spec:
    clone: {}
    steps:
    - name: run
      spec:
        run: echo "No code cloned!"
      type: run
    - name: run0
      spec:
        run: echo "Repo cloned in this step!"
      type: run
  type: ci
version: 1