default:
  clone: {}
stages:
- name: build
  spec:
    steps:
    - name: Clone and download
      spec:
        run: echo "Clone and download my LFS files!"
      type: run
  type: ci
version: 1