stages:
- name: build
  spec:
    clone:
      depth: 2
      insecure: true
    delegate:
      selectors:
      - linux
      - self.hosted
    steps:
    - name: run
      spec:
        run: ls -R $BITBUCKET_CLONE_DIR
      type: run
  type: ci
version: 1