stages:
- name: build
  spec:
    clone:
      depth: 2
    steps:
    - name: run
      spec:
        run: ls $BITBUCKET_CLONE_DIR
      type: run
  type: ci
version: 1