default:
  clone:
    depth: 2
stages:
- name: build
  spec:
    steps:
    - name: run
      spec:
        run: ls $BITBUCKET_CLONE_DIR
      type: run
  type: ci
version: 1