stages:
- name: test-name
  type: ci
  when:
  - event:
      in:
      - push
      - pull_request
  spec:
    clone:
      depth: 50
    runtime:
      spec: {}
      type: machine
    steps:
    - name: redis
      type: background
      spec:
        image: redis
    - name: test-step-1
      type: script
      spec:
        image: golang
        run: |-
          go build
          go test
      when:
      - branch:
          in:
          - main
          - develop
    - name: test-plugin-1
      type: plugin
      spec:
        image: plugins/slack
        with:
          channel: test-channel
          token: ${{ secrets.get("test-slack-token") }}
