stages:
- name: build
  spec:
    steps:
    - name: dind
      spec:
        image: docker:dind
        ports:
        - "2375"
        - "2376"
        privileged: true
      type: background
    - name: Hello world example1
      spec:
        steps:
        - name: Hello world example
          spec:
            run: docker version
          type: run
        - name: Hello world example0
          spec:
            run: docker run hello-world
          type: run
      type: group
  type: ci
version: 1