stages:
- name: build
  spec:
    steps:
    - name: Sleeping step
      spec:
        run: sleep 120m
      timeout: 30m0s
      type: run
  type: ci
version: 1