stages:
- name: build
  spec:
    steps:
    - name: step1
      spec:
        run: echo "failing paths"
      type: run
    - name: step10
      spec:
        run: exit 1
      type: run
  type: ci
version: 1