stages:
- name: build
  spec:
    steps:
    - name: run
      spec:
        run: echo "I can access data through OpenID Connect!"
      type: run
    - name: run0
      spec:
        run: aws sts assume-role-with-web-identity --role-arn arn:aws:iam::XXXXXX:role/projectx-build
          --role-session-name build-session  --web-identity-token "$BITBUCKET_STEP_OIDC_TOKEN"
          --duration-seconds 1000
      type: run
  type: ci
version: 1