stages:
- name: build
  spec:
    delegate:
      selectors:
      - self.hosted
      - my.custom.label
    steps:
    - name: Step 1
      spec:
        run: echo "This step will run on a self-hosted runner with the 'my.custom.label'
          and 'self.hosted' labels.";
      type: run
    - name: Step 2
      spec:
        run: echo "This step will run on Atlassian's infrastructure as usual.";
      type: run
  type: ci
version: 1