stages:
- name: build
  spec:
    steps:
    - name: Build
      spec:
        run: npm run build
      type: run
    - name: Deploy
      spec:
        run: ./deploy.sh
      type: run
  type: ci
version: 1