stages:
- name: build
  spec:
    steps:
    - name: run
      spec:
        run: ./build.sh
      type: run
    - name: parallel
      spec:
        steps:
        - name: run0
          spec:
            run: ./integration-tests.sh --batch 1
          type: run
        - name: run1
          spec:
            run: ./integration-tests.sh --batch 2
          type: run
      type: parallel
    - name: run2
      spec:
        run: ./deploy.sh
      type: run
  type: ci
version: 1