stages:
- name: build
  spec:
    steps:
    - name: run
      spec:
        image: my/bash:lts
        run: echo "Hello, World!"
        user: "1000"
      type: run
  type: ci
version: 1