stages:
- name: build
  spec:
    steps:
    - name: my-service
      spec:
        image: my/bash:latest
        network: host
        user: "1000"
      type: background
    - name: run
      spec:
        run: echo "Hello, World!"
      type: run
  type: ci
version: 1